<?xml version="1.0" encoding="utf-8"?><testsuites name="pytest tests"><testsuite name="pytest" errors="0" failures="0" skipped="0" tests="1" time="35.899" timestamp="2026-04-30T11:45:43.760507+05:30" hostname="DST-bhukyavenkatesh"><testcase classname="tests_integ.models.test_model_anthropic" name="test_strict_tool_integration" time="32.132" /></testsuite></testsuites>